// Jest Snapshot v1, https://goo.gl/fbAQLP

exports[`記事詳細 snapshot-記事が表示される 1`] = `
<RCTScrollView
  style={
    Object {
      "padding": 30,
    }
  }
>
  <View>
    <View
      style={
        Object {
          "position": "absolute",
          "right": 5,
          "top": -10,
        }
      }
    >
      <View
        onPress={undefined}
        style={
          Array [
            false,
            false,
            false,
            Object {
              "alignItems": "center",
              "backgroundColor": "transparent",
              "justifyContent": "center",
            },
            undefined,
          ]
        }
        underlayColor="white"
      >
        <Text
          accessible={true}
          allowFontScaling={false}
          disabled={false}
          ellipsizeMode="tail"
          style={
            Array [
              Object {
                "color": "#D04255",
                "fontSize": 30,
              },
              Array [
                Object {
                  "backgroundColor": "transparent",
                },
                undefined,
              ],
              Object {
                "fontFamily": "FontAwesome",
                "fontStyle": "normal",
                "fontWeight": "normal",
              },
            ]
          }
        >
          
        </Text>
      </View>
    </View>
    <View
      style={
        Object {
          "display": "flex",
          "flexDirection": "row",
        }
      }
    >
      <Image
        source={1}
        style={
          Object {
            "height": 80,
            "width": 80,
          }
        }
      />
      <View
        style={
          Object {
            "marginLeft": 18,
          }
        }
      >
        <Text
          accessible={true}
          allowFontScaling={true}
          disabled={false}
          ellipsizeMode="tail"
          style={
            Object {
              "fontSize": 21,
              "paddingBottom": 5,
            }
          }
        />
        <Text
          accessible={true}
          allowFontScaling={true}
          disabled={false}
          ellipsizeMode="tail"
          style={
            Object {
              "color": "#95989A",
              "fontSize": 12,
            }
          }
        >
          2018/0/7
        </Text>
      </View>
    </View>
    <View
      style={
        Object {
          "alignItems": "center",
          "display": "flex",
          "flexDirection": "row",
          "marginBottom": 20,
          "marginTop": 15,
        }
      }
    >
      <Text
        accessible={true}
        allowFontScaling={true}
        disabled={false}
        ellipsizeMode="tail"
        style={
          Object {
            "fontSize": 12,
            "marginRight": 18,
          }
        }
      >
        0ブックマーク
      </Text>
      <View
        pointerEvents="none"
        style={undefined}
      >
        <View
          onMoveShouldSetResponder={[Function]}
          onMoveShouldSetResponderCapture={[Function]}
          onResponderEnd={[Function]}
          onResponderGrant={[Function]}
          onResponderMove={[Function]}
          onResponderReject={[Function]}
          onResponderRelease={[Function]}
          onResponderStart={[Function]}
          onResponderTerminate={[Function]}
          onResponderTerminationRequest={[Function]}
          onStartShouldSetResponder={[Function]}
          onStartShouldSetResponderCapture={[Function]}
          style={
            Object {
              "flexDirection": "row",
            }
          }
        >
          <View
            style={
              Object {
                "flexDirection": "row",
                "left": 0,
                "position": "absolute",
                "top": 0,
              }
            }
          >
            <View
              collapsable={undefined}
              style={
                Object {
                  "backgroundColor": "#f1c40f",
                  "height": 18,
                  "width": 0,
                }
              }
            />
            <View
              collapsable={undefined}
              style={
                Object {
                  "backgroundColor": "white",
                  "height": 18,
                  "width": 90,
                }
              }
            />
          </View>
          <View
            style={undefined}
          >
            <Image
              source={1}
              style={
                Object {
                  "height": 18,
                  "width": 18,
                }
              }
            />
          </View>
          <View
            style={undefined}
          >
            <Image
              source={1}
              style={
                Object {
                  "height": 18,
                  "width": 18,
                }
              }
            />
          </View>
          <View
            style={undefined}
          >
            <Image
              source={1}
              style={
                Object {
                  "height": 18,
                  "width": 18,
                }
              }
            />
          </View>
          <View
            style={undefined}
          >
            <Image
              source={1}
              style={
                Object {
                  "height": 18,
                  "width": 18,
                }
              }
            />
          </View>
          <View
            style={undefined}
          >
            <Image
              source={1}
              style={
                Object {
                  "height": 18,
                  "width": 18,
                }
              }
            />
          </View>
        </View>
      </View>
    </View>
    <View
      style={
        Object {
          "borderBottomColor": "#D1D1D6",
          "borderBottomWidth": 1,
          "marginBottom": 12,
        }
      }
    />
    <View>
      <Text
        accessible={true}
        allowFontScaling={true}
        disabled={false}
        ellipsizeMode="tail"
        style={
          Object {
            "color": "#555555",
            "fontSize": 15,
            "letterSpacing": 1.5,
            "lineHeight": 19.5,
          }
        }
      />
    </View>
    <Text
      accessible={true}
      allowFontScaling={true}
      disabled={false}
      ellipsizeMode="tail"
      style={
        Object {
          "fontSize": 18,
          "marginBottom": 5,
          "marginTop": 40,
          "textAlign": "center",
        }
      }
    >
      レビュー
    </Text>
    <View
      style={
        Object {
          "borderBottomColor": "#D1D1D6",
          "borderBottomWidth": 1,
          "marginBottom": 12,
        }
      }
    />
    <View
      pointerEvents="auto"
      style={
        Object {
          "marginBottom": 60,
        }
      }
    >
      <View
        style={
          Object {
            "alignItems": "center",
            "flexDirection": "column",
            "justifyContent": "center",
            "paddingBottom": 5,
          }
        }
      >
        <View
          style={
            Object {
              "alignItems": "center",
              "flexDirection": "row",
              "justifyContent": "center",
              "paddingBottom": 5,
            }
          }
        >
          <Text
            accessible={true}
            allowFontScaling={true}
            disabled={false}
            ellipsizeMode="tail"
            style={
              Array [
                Object {},
                undefined,
                undefined,
                undefined,
                undefined,
                undefined,
                undefined,
                undefined,
                undefined,
                undefined,
                Object {
                  "color": "#34495e",
                  "fontFamily": "Trebuchet MS",
                  "fontSize": 15,
                  "textAlign": "center",
                },
              ]
            }
          >
            Rating: 
          </Text>
          <Text
            accessible={true}
            allowFontScaling={true}
            disabled={false}
            ellipsizeMode="tail"
            style={
              Array [
                Object {},
                undefined,
                undefined,
                undefined,
                undefined,
                undefined,
                undefined,
                undefined,
                undefined,
                undefined,
                Array [
                  Object {
                    "fontFamily": "Trebuchet MS",
                    "fontSize": 30,
                    "textAlign": "center",
                  },
                  Object {
                    "color": "#f1c40f",
                  },
                ],
              ]
            }
          >
            3
          </Text>
          <Text
            accessible={true}
            allowFontScaling={true}
            disabled={false}
            ellipsizeMode="tail"
            style={
              Array [
                Object {},
                undefined,
                undefined,
                undefined,
                undefined,
                undefined,
                undefined,
                undefined,
                undefined,
                undefined,
                Object {
                  "color": "#34495e",
                  "fontFamily": "Trebuchet MS",
                  "fontSize": 18,
                  "textAlign": "center",
                },
              ]
            }
          >
            /
            5
          </Text>
        </View>
        <View />
      </View>
      <View
        onMoveShouldSetResponder={[Function]}
        onMoveShouldSetResponderCapture={[Function]}
        onResponderEnd={[Function]}
        onResponderGrant={[Function]}
        onResponderMove={[Function]}
        onResponderReject={[Function]}
        onResponderRelease={[Function]}
        onResponderStart={[Function]}
        onResponderTerminate={[Function]}
        onResponderTerminationRequest={[Function]}
        onStartShouldSetResponder={[Function]}
        onStartShouldSetResponderCapture={[Function]}
        style={
          Object {
            "flexDirection": "row",
          }
        }
      >
        <View
          style={
            Object {
              "flexDirection": "row",
              "left": 0,
              "position": "absolute",
              "top": 0,
            }
          }
        >
          <View
            collapsable={undefined}
            style={
              Object {
                "backgroundColor": "#f1c40f",
                "height": 30,
                "width": 90,
              }
            }
          />
          <View
            collapsable={undefined}
            style={
              Object {
                "backgroundColor": "white",
                "height": 30,
                "width": 60,
              }
            }
          />
        </View>
        <View
          style={undefined}
        >
          <Image
            source={1}
            style={
              Object {
                "height": 30,
                "width": 30,
              }
            }
          />
        </View>
        <View
          style={undefined}
        >
          <Image
            source={1}
            style={
              Object {
                "height": 30,
                "width": 30,
              }
            }
          />
        </View>
        <View
          style={undefined}
        >
          <Image
            source={1}
            style={
              Object {
                "height": 30,
                "width": 30,
              }
            }
          />
        </View>
        <View
          style={undefined}
        >
          <Image
            source={1}
            style={
              Object {
                "height": 30,
                "width": 30,
              }
            }
          />
        </View>
        <View
          style={undefined}
        >
          <Image
            source={1}
            style={
              Object {
                "height": 30,
                "width": 30,
              }
            }
          />
        </View>
      </View>
    </View>
  </View>
</RCTScrollView>
`;
