// Jest Snapshot v1, https://goo.gl/fbAQLP

exports[`Bookmark snapshot-ブックマークあり 1`] = `
<View
  accessibilityComponentType={undefined}
  accessibilityLabel={undefined}
  accessibilityTraits={undefined}
  accessible={true}
  hasTVPreferredFocus={undefined}
  hitSlop={undefined}
  isTVSelectable={true}
  nativeID={undefined}
  onLayout={undefined}
  onResponderGrant={[Function]}
  onResponderMove={[Function]}
  onResponderRelease={[Function]}
  onResponderTerminate={[Function]}
  onResponderTerminationRequest={[Function]}
  onStartShouldSetResponder={[Function]}
  style={
    Array [
      Object {
        "backgroundColor": "transparent",
      },
      Array [
        false,
        false,
        false,
        Object {
          "alignItems": "center",
          "backgroundColor": "transparent",
          "justifyContent": "center",
        },
        undefined,
      ],
    ]
  }
  testID={undefined}
  tvParallaxProperties={undefined}
>
  <Text
    accessible={true}
    allowFontScaling={false}
    disabled={false}
    ellipsizeMode="tail"
    style={
      Array [
        Object {
          "color": "#D04255",
          "fontSize": 30,
        },
        Array [
          Object {
            "backgroundColor": "transparent",
          },
          undefined,
        ],
        Object {
          "fontFamily": "FontAwesome",
          "fontStyle": "normal",
          "fontWeight": "normal",
        },
      ]
    }
  >
    
  </Text>
</View>
`;

exports[`Bookmark snapshot-ブックマークなし 1`] = `
<View
  accessibilityComponentType={undefined}
  accessibilityLabel={undefined}
  accessibilityTraits={undefined}
  accessible={true}
  hasTVPreferredFocus={undefined}
  hitSlop={undefined}
  isTVSelectable={true}
  nativeID={undefined}
  onLayout={undefined}
  onResponderGrant={[Function]}
  onResponderMove={[Function]}
  onResponderRelease={[Function]}
  onResponderTerminate={[Function]}
  onResponderTerminationRequest={[Function]}
  onStartShouldSetResponder={[Function]}
  style={
    Array [
      Object {
        "backgroundColor": "transparent",
      },
      Array [
        false,
        false,
        false,
        Object {
          "alignItems": "center",
          "backgroundColor": "transparent",
          "justifyContent": "center",
        },
        undefined,
      ],
    ]
  }
  testID={undefined}
  tvParallaxProperties={undefined}
>
  <Text
    accessible={true}
    allowFontScaling={false}
    disabled={false}
    ellipsizeMode="tail"
    style={
      Array [
        Object {
          "color": "#D04255",
          "fontSize": 30,
        },
        Array [
          Object {
            "backgroundColor": "transparent",
          },
          undefined,
        ],
        Object {
          "fontFamily": "FontAwesome",
          "fontStyle": "normal",
          "fontWeight": "normal",
        },
      ]
    }
  >
    
  </Text>
</View>
`;

exports[`Bookmark snapshot-ロード中 1`] = `
<View
  style={
    Object {
      "alignItems": "center",
      "flex": 1,
      "justifyContent": "center",
    }
  }
>
  <ActivityIndicator
    animating={true}
    color="#D04255"
    hidesWhenStopped={true}
    size="small"
  />
</View>
`;
